# gpu=NVIDIA L40 uuid=GPU-f37e9bcd-3231-34b5-2a6f-998f879a6be8 torch=2.13.0+cu130 smi=/usr/bin/nvidia-smi
algo           res backend     B   warm_s   ms/pair      fps   util%  utmax   n  peakMiB  cell_s
tvl1       480x854 eager       4      4.4   1081.63      0.9    71.5    100  45      528    14.1
RESULT {"algo": "tvl1", "res": "480x854", "backend": "eager", "B": 4, "px_per_pair": 409920, "warmup_s": 4.413952779999818, "util_n": 45, "util_note": "", "util_gpus_seen": 1, "util_mean": 71.4888888888889, "util_max": 100, "smi_mem_max": 1419, "reps": 2, "call_s": 4.326521403001607, "ms_per_pair": 1081.6303507504017, "fps": 0.9245302697970993, "spread": 0.0026879924804291103, "peak_mib": 528.05029296875, "status": "ok", "cell_s": 14.118111968000449}
tvl1       480x854 eager      16     16.4   1023.30      1.0    98.7    100 165     2111    49.9
RESULT {"algo": "tvl1", "res": "480x854", "backend": "eager", "B": 16, "px_per_pair": 409920, "warmup_s": 16.368610814999556, "util_n": 165, "util_note": "", "util_gpus_seen": 1, "util_mean": 98.74545454545455, "util_max": 100, "smi_mem_max": 4153, "reps": 2, "call_s": 16.372821013999783, "ms_per_pair": 1023.3013133749864, "fps": 0.9772292744371298, "spread": 0.00082514430407328, "peak_mib": 2110.5146484375, "status": "ok", "cell_s": 49.88205304499934}
tvl1       480x854 eager      32     45.8   1431.87      0.7    99.6    100 459     4215   138.2
RESULT {"algo": "tvl1", "res": "480x854", "backend": "eager", "B": 32, "px_per_pair": 409920, "warmup_s": 45.788682439000695, "util_n": 459, "util_note": "", "util_gpus_seen": 1, "util_mean": 99.56427015250544, "util_max": 100, "smi_mem_max": 7733, "reps": 2, "call_s": 45.81995007200021, "ms_per_pair": 1431.8734397500066, "fps": 0.6983857457224654, "spread": 0.0001393640977542673, "peak_mib": 4215.392578125, "status": "ok", "cell_s": 138.19391355799962}
tvl1       480x854 compile     4     80.7    322.54      3.1    90.7    100  21      528    85.4
RESULT {"algo": "tvl1", "res": "480x854", "backend": "compile", "B": 4, "px_per_pair": 409920, "warmup_s": 80.71716586399998, "util_n": 21, "util_note": "", "util_gpus_seen": 1, "util_mean": 90.71428571428571, "util_max": 100, "smi_mem_max": 1447, "reps": 3, "call_s": 1.2901470169999811, "ms_per_pair": 322.5367542499953, "fps": 3.1004218490550977, "spread": 0.009133141297092036, "peak_mib": 528.05029296875, "status": "ok", "cell_s": 85.4050702379991}
tvl1       480x854 compile    16     86.6    489.43      2.0    97.7    100  80     2110   103.1
RESULT {"algo": "tvl1", "res": "480x854", "backend": "compile", "B": 16, "px_per_pair": 409920, "warmup_s": 86.64084545199876, "util_n": 80, "util_note": "", "util_gpus_seen": 1, "util_mean": 97.7125, "util_max": 100, "smi_mem_max": 4097, "reps": 2, "call_s": 7.830844513000557, "ms_per_pair": 489.4277820625348, "fps": 2.0432023613081873, "spread": 0.005035931812180913, "peak_mib": 2110.3515625, "status": "ok", "cell_s": 103.1336601009989}
tvl1       480x854 compile    32     96.3    534.57      1.9    99.0    100 173     4215   131.5
RESULT {"algo": "tvl1", "res": "480x854", "backend": "compile", "B": 32, "px_per_pair": 409920, "warmup_s": 96.33452033100002, "util_n": 173, "util_note": "", "util_gpus_seen": 1, "util_mean": 99.01734104046243, "util_max": 100, "smi_mem_max": 7591, "reps": 2, "call_s": 17.106204761999834, "ms_per_pair": 534.5688988124948, "fps": 1.8706662550354611, "spread": 0.0011434702361985704, "peak_mib": 4215.06689453125, "status": "ok", "cell_s": 131.50583686400023}
deepflow   480x854 eager       4      3.3    762.54      1.3    48.3    100  32      497    10.2
RESULT {"algo": "deepflow", "res": "480x854", "backend": "eager", "B": 4, "px_per_pair": 409920, "warmup_s": 3.255113449999044, "util_n": 32, "util_note": "", "util_gpus_seen": 1, "util_mean": 48.28125, "util_max": 100, "smi_mem_max": 1153, "reps": 2, "call_s": 3.0501678559994616, "ms_per_pair": 762.5419639998654, "fps": 1.3114032370816204, "spread": 0.0019493261619060174, "peak_mib": 496.60595703125, "status": "ok", "cell_s": 10.15448533000017}
deepflow   480x854 eager      16      6.7    412.36      2.4    81.2    100  68     1988    20.9
RESULT {"algo": "deepflow", "res": "480x854", "backend": "eager", "B": 16, "px_per_pair": 409920, "warmup_s": 6.685583022999708, "util_n": 68, "util_note": "", "util_gpus_seen": 1, "util_mean": 81.25, "util_max": 100, "smi_mem_max": 4647, "reps": 2, "call_s": 6.597836914999789, "ms_per_pair": 412.3648071874868, "fps": 2.4250372063039256, "spread": 0.0006902765342625796, "peak_mib": 1988.30615234375, "status": "ok", "cell_s": 20.858574435000264}
deepflow   480x854 eager      32     17.0    524.83      1.9    93.9    100 170     3940    51.7
RESULT {"algo": "deepflow", "res": "480x854", "backend": "eager", "B": 32, "px_per_pair": 409920, "warmup_s": 16.96013585900073, "util_n": 170, "util_note": "", "util_gpus_seen": 1, "util_mean": 93.9, "util_max": 100, "smi_mem_max": 9625, "reps": 2, "call_s": 16.79463880900039, "ms_per_pair": 524.8324627812622, "fps": 1.9053699435828848, "spread": 0.00026097399580393016, "peak_mib": 3939.88720703125, "status": "ok", "cell_s": 51.680154919000415}
deepflow   480x854 compile     4    256.3    130.67      7.7    28.1     74  18      415   260.4
RESULT {"algo": "deepflow", "res": "480x854", "backend": "compile", "B": 4, "px_per_pair": 409920, "warmup_s": 256.3265334530006, "util_n": 18, "util_note": "", "util_gpus_seen": 1, "util_mean": 28.055555555555557, "util_max": 74, "smi_mem_max": 1107, "reps": 6, "call_s": 0.5226967390008213, "ms_per_pair": 130.6741847502053, "fps": 7.6526209205864495, "spread": 0.028851978353364068, "peak_mib": 415.0029296875, "status": "ok", "cell_s": 260.42748587700044}
deepflow   480x854 compile    16    272.1     99.40     10.1    73.2    100  18     1650   276.2
RESULT {"algo": "deepflow", "res": "480x854", "backend": "compile", "B": 16, "px_per_pair": 409920, "warmup_s": 272.111026777, "util_n": 18, "util_note": "", "util_gpus_seen": 1, "util_mean": 73.22222222222223, "util_max": 100, "smi_mem_max": 2641, "reps": 2, "call_s": 1.5903835370008892, "ms_per_pair": 99.39897106255557, "fps": 10.060466313787712, "spread": 0.007226601465535389, "peak_mib": 1650.240234375, "status": "ok", "cell_s": 276.2210438990005}
deepflow   480x854 compile    32    282.3    105.34      9.5    88.8    100  36     3287   290.0
RESULT {"algo": "deepflow", "res": "480x854", "backend": "compile", "B": 32, "px_per_pair": 409920, "warmup_s": 282.2604037659985, "util_n": 36, "util_note": "", "util_gpus_seen": 1, "util_mean": 88.80555555555556, "util_max": 100, "smi_mem_max": 5689, "reps": 2, "call_s": 3.3708999910013517, "ms_per_pair": 105.34062471879224, "fps": 9.493013760545935, "spread": 0.0007350419782733915, "peak_mib": 3286.86669921875, "status": "ok", "cell_s": 290.0409468729995}
tvl1      720x1280 eager       2      4.6   2287.35      0.4    74.9    100  48      594    14.7
RESULT {"algo": "tvl1", "res": "720x1280", "backend": "eager", "B": 2, "px_per_pair": 921600, "warmup_s": 4.55582575399967, "util_n": 48, "util_note": "", "util_gpus_seen": 1, "util_mean": 74.91666666666667, "util_max": 100, "smi_mem_max": 1573, "reps": 2, "call_s": 4.574706351999339, "ms_per_pair": 2287.3531759996695, "fps": 0.43718653091819015, "spread": 0.0011630814290375735, "peak_mib": 593.677734375, "status": "ok", "cell_s": 14.714185325001381}
tvl1      720x1280 eager       8     19.2   2417.25      0.4    99.1    100 195     2370    58.8
RESULT {"algo": "tvl1", "res": "720x1280", "backend": "eager", "B": 8, "px_per_pair": 921600, "warmup_s": 19.22038966599939, "util_n": 195, "util_note": "", "util_gpus_seen": 1, "util_mean": 99.06153846153846, "util_max": 100, "smi_mem_max": 4615, "reps": 2, "call_s": 19.337985954000033, "ms_per_pair": 2417.248244250004, "fps": 0.41369354694071503, "spread": 0.0007403140654964523, "peak_mib": 2369.9189453125, "status": "ok", "cell_s": 58.798259384999255}
tvl1      720x1280 eager      16     54.3   3396.60      0.3    99.6    100 545     4738   164.1
RESULT {"algo": "tvl1", "res": "720x1280", "backend": "eager", "B": 16, "px_per_pair": 921600, "warmup_s": 54.320705154999814, "util_n": 545, "util_note": "", "util_gpus_seen": 1, "util_mean": 99.63302752293578, "util_max": 100, "smi_mem_max": 8663, "reps": 2, "call_s": 54.34553025100104, "ms_per_pair": 3396.595640687565, "fps": 0.2944124369769174, "spread": 6.189793317137271e-05, "peak_mib": 4738.4140625, "status": "ok", "cell_s": 164.0587041509989}
tvl1      720x1280 compile     2      2.9    733.34      1.4    92.4    100  24      593     8.2
RESULT {"algo": "tvl1", "res": "720x1280", "backend": "compile", "B": 2, "px_per_pair": 921600, "warmup_s": 2.9300729850001517, "util_n": 24, "util_note": "", "util_gpus_seen": 1, "util_mean": 92.375, "util_max": 100, "smi_mem_max": 1541, "reps": 3, "call_s": 1.4666889190011716, "ms_per_pair": 733.3444595005858, "fps": 1.3636156747962738, "spread": 0.019875356403235993, "peak_mib": 593.14404296875, "status": "ok", "cell_s": 8.219077386998833}
tvl1      720x1280 compile     8     89.1   1082.00      0.9    97.7    100  88     2370   107.2
RESULT {"algo": "tvl1", "res": "720x1280", "backend": "compile", "B": 8, "px_per_pair": 921600, "warmup_s": 89.13319704599962, "util_n": 88, "util_note": "", "util_gpus_seen": 1, "util_mean": 97.7159090909091, "util_max": 100, "smi_mem_max": 4553, "reps": 2, "call_s": 8.656014775000585, "ms_per_pair": 1082.0018468750732, "fps": 0.924212840198099, "spread": 0.00322132768065148, "peak_mib": 2369.8408203125, "status": "ok", "cell_s": 107.21900368799834}
