srun: job 338918 queued and waiting for resources
srun: job 338918 has been allocated resources

=== ms/pair, fp32 (lower is better) ===
      res backend         B=1      B=2      B=4      B=8     B=16     B=32      best    cv2.cuda 1s/4s
  240x320 compile       79.73    43.64    23.31    10.46     5.41     6.41      5.41        21.1 / 9.3
  240x320 triton        47.63    23.93    12.78     6.01     3.16     3.38      3.16        21.1 / 9.3
  480x640 compile       91.51    48.46    26.23    27.99    32.94    40.21     26.23       26.5 / 13.1
  480x640 triton        52.25    26.29    14.13    15.68    24.35    30.04     14.13       26.5 / 13.1
  480x854 compile       90.62    48.83    30.20    41.06    50.62    57.57     30.20                 -
  480x854 triton        52.09    26.23    15.45    26.86    36.25    42.25     15.45                 -
 720x1280 compile       95.31    66.48    83.59   136.96   160.81   171.64     66.48       35.8 / 21.6
 720x1280 triton        55.01    33.18    53.71    97.73   116.05   122.44     33.18       35.8 / 21.6

=== triton speedup over compile, fp32 ===
      res       B=1      B=2      B=4      B=8     B=16     B=32
  240x320    1.67x    1.82x    1.82x    1.74x    1.71x    1.90x
  480x640    1.75x    1.84x    1.86x    1.79x    1.35x    1.34x
  480x854    1.74x    1.86x    1.95x    1.53x    1.40x    1.36x
 720x1280    1.73x    2.00x    1.56x    1.40x    1.39x    1.40x

=== peak MiB, fp32 ===
      res backend         B=1      B=2      B=4      B=8     B=16     B=32
  240x320 compile          17      126      134      135      266      530
  240x320 triton           17       34       67      135      266      530
  480x640 compile         135      218      266      530     1061     2120
  480x640 triton           70      135      266      530     1062     2125
  480x854 compile         176      258      355      715     1420     2825
  480x854 triton           92      178      355      716     1422     2825
 720x1280 compile         276      405      795     1596     3176     6361
 720x1280 triton          205      407      795     1594     3177     6362

=== ms/pair, fp16 (lower is better) ===
      res backend         B=1      B=2      B=4      B=8     B=16     B=32      best    cv2.cuda 1s/4s
  240x320 compile           -        -        -        -        -     3.74      3.74        21.1 / 9.3
  240x320 triton            -        -        -        -        -     2.17      2.17        21.1 / 9.3
  480x640 compile           -        -    26.73        -        -        -     26.73       26.5 / 13.1
  480x640 triton            -        -    14.72        -        -        -     14.72       26.5 / 13.1
  480x854 compile           -        -    27.06        -        -        -     27.06                 -
  480x854 triton            -        -    15.13        -        -        -     15.13                 -
 720x1280 compile           -    56.55        -        -        -        -     56.55       35.8 / 21.6
 720x1280 triton            -    31.83        -        -        -        -     31.83       35.8 / 21.6

=== triton speedup over compile, fp16 ===
      res       B=1      B=2      B=4      B=8     B=16     B=32
  240x320        -        -        -        -        -    1.72x
  480x640        -        -    1.82x        -        -        -
  480x854        -        -    1.79x        -        -        -
 720x1280        -    1.78x        -        -        -        -

=== peak MiB, fp16 ===
      res backend         B=1      B=2      B=4      B=8     B=16     B=32
  240x320 compile           -        -        -        -        -      504
  240x320 triton            -        -        -        -        -      425
  480x640 compile           -        -      213        -        -        -
  480x640 triton            -        -      213        -        -        -
  480x854 compile           -        -      284        -        -        -
  480x854 triton            -        -      284        -        -        -
 720x1280 compile           -      322        -        -        -        -
 720x1280 triton            -      325        -        -        -        -
EXIT=0
