# gpu=NVIDIA L40 torch=2.13.0+cu130
# triton=3.7.1

== kernel launches per primal-dual iteration (240x320, B=16) ==
backend     launches/iter  kernels/iter   raw (inner_it: launches, kernels)
USDT:2026-08-03 17:30:03 28766:28766 SyncActivityProfilerHandler.cpp:52] profiler_start
USDT:2026-08-03 17:30:03 28766:28766 SyncActivityProfilerHandler.cpp:59] profiler_stop
USDT:2026-08-03 17:30:04 28766:28766 SyncActivityProfilerHandler.cpp:52] profiler_start
USDT:2026-08-03 17:30:04 28766:28766 SyncActivityProfilerHandler.cpp:59] profiler_stop
compile              6.00          6.00   {'10': (80, 80), '30': (200, 200)}
USDT:2026-08-03 17:30:04 28766:28766 SyncActivityProfilerHandler.cpp:52] profiler_start
USDT:2026-08-03 17:30:04 28766:28766 SyncActivityProfilerHandler.cpp:59] profiler_stop
USDT:2026-08-03 17:30:04 28766:28766 SyncActivityProfilerHandler.cpp:52] profiler_start
USDT:2026-08-03 17:30:04 28766:28766 SyncActivityProfilerHandler.cpp:59] profiler_stop
triton               2.00          2.00   {'10': (40, 40), '30': (80, 80)}

      res   B backend    warm_s   ms/pair      fps  peakMiB reps  spread  speedup
  240x320   1 compile       7.8     79.73     12.5       17    4   0.035  
  240x320   1 triton        0.3     47.63     21.0       17    6   0.014  1.67x vs compile
  240x320   2 compile     117.9     43.64     22.9      126    3   0.005  
  240x320   2 triton        0.1     23.93     41.8       34    6   0.004  1.82x vs compile
  240x320   4 compile     112.0     23.31     42.9      134    3   0.002  
  240x320   4 triton        0.1     12.78     78.3       67    5   0.002  1.82x vs compile
  240x320   8 compile      83.2     13.01     76.9      135    3   0.008  
  240x320   8 triton        0.1      7.00    142.9      135    5   0.005  1.86x vs compile
  240x320  16 compile       3.0      6.61    151.3      266    3   0.062  
  240x320  16 triton        0.1      3.58    279.3      266    5   0.008  1.85x vs compile
  240x320  32 compile      83.4      6.41    156.1      530    3   0.003  
  240x320  32 triton        0.1      3.38    295.9      530    3   0.010  1.90x vs compile
  240x320  32 compile/f16    96.5      3.74    267.1      504    3   0.005  1.71x vs fp32
  240x320  32 triton/f16     3.6      2.17    460.5      425    4   0.035  1.56x vs fp32
  480x640   1 compile     107.9     91.51     10.9      135    3   0.008  
  480x640   1 triton        2.1     52.25     19.1       70    5   0.015  1.75x vs compile
  480x640   2 compile     120.9     48.46     20.6      218    3   0.008  
  480x640   2 triton        0.1     26.29     38.0      135    5   0.004  1.84x vs compile
  480x640   4 compile       3.5     26.23     38.1      266    3   0.005  
  480x640   4 triton        0.1     14.13     70.8      266    5   0.008  1.86x vs compile
  480x640   8 compile       4.4     27.99     35.7      530    3   0.003  
  480x640   8 triton        0.2     15.68     63.8      530    3   0.003  1.79x vs compile
  480x640  16 compile       4.1     32.94     30.4     1061    3   0.001  
  480x640  16 triton        0.5     24.35     41.1     1062    3   0.001  1.35x vs compile
  480x640  32 compile     116.4     40.21     24.9     2120    3   0.000  
  480x640  32 triton        1.2     30.04     33.3     2125    3   0.001  1.34x vs compile
  480x640   4 compile/f16     4.6     26.73     37.4      213    3   0.024  0.98x vs fp32
  480x640   4 triton/f16     2.2     14.72     67.9      213    5   0.008  0.96x vs fp32
  480x854   1 compile     111.3     90.62     11.0      176    3   0.010  
  480x854   1 triton        1.7     52.09     19.2       92    5   0.023  1.74x vs compile
  480x854   2 compile     121.7     48.83     20.5      258    3   0.012  
  480x854   2 triton        0.2     26.23     38.1      178    5   0.012  1.86x vs compile
  480x854   4 compile       4.9     30.20     33.1      355    3   0.007  
  480x854   4 triton        0.1     15.45     64.7      355    5   0.005  1.95x vs compile
  480x854   8 compile       4.0     41.06     24.4      715    3   0.003  
  480x854   8 triton        0.3     26.86     37.2      716    3   0.003  1.53x vs compile
  480x854  16 compile     115.8     50.62     19.8     1420    3   0.000  
  480x854  16 triton        0.7     36.25     27.6     1422    3   0.001  1.40x vs compile
  480x854  32 compile     117.8     57.57     17.4     2825    3   0.000  
  480x854  32 triton        1.7     42.25     23.7     2825    3   0.000  1.36x vs compile
  480x854   4 compile/f16     3.9     27.06     37.0      284    3   0.006  1.12x vs fp32
  480x854   4 triton/f16     3.2     15.13     66.1      284    5   0.011  1.02x vs fp32
 720x1280   1 compile     111.6     95.31     10.5      276    3   0.006  
 720x1280   1 triton        0.6     55.01     18.2      205    5   0.014  1.73x vs compile
 720x1280   2 compile       4.0     66.48     15.0      405    3   0.006  
 720x1280   2 triton        0.1     33.18     30.1      407    4   0.005  2.00x vs compile
 720x1280   4 compile       6.0     83.59     12.0      795    3   0.001  
 720x1280   4 triton        0.3     53.71     18.6      795    3   0.004  1.56x vs compile
 720x1280   8 compile       5.1    136.96      7.3     1596    3   0.000  
 720x1280   8 triton        0.9     97.73     10.2     1594    3   0.001  1.40x vs compile
 720x1280  16 compile     119.4    160.81      6.2     3176    3   0.000  
 720x1280  16 triton        2.2    116.05      8.6     3177    3   0.000  1.39x vs compile
 720x1280  32 compile     131.5    171.64      5.8     6361    3   0.000  
 720x1280  32 triton        4.7    122.44      8.2     6362    3   0.000  1.40x vs compile
 720x1280   2 compile/f16     4.2     56.55     17.7      322    3   0.002  1.18x vs fp32
 720x1280   2 triton/f16     0.6     31.83     31.4      325    4   0.008  1.04x vs fp32

=== ms/pair, fp32 (lower is better) ===
      res backend         B=1      B=2      B=4      B=8     B=16     B=32      best    cv2.cuda 1s/4s
  240x320 compile       79.73    43.64    23.31    13.01     6.61     6.41      6.41        21.1 / 9.3
  240x320 triton        47.63    23.93    12.78     7.00     3.58     3.38      3.38        21.1 / 9.3
  480x640 compile       91.51    48.46    26.23    27.99    32.94    40.21     26.23       26.5 / 13.1
  480x640 triton        52.25    26.29    14.13    15.68    24.35    30.04     14.13       26.5 / 13.1
  480x854 compile       90.62    48.83    30.20    41.06    50.62    57.57     30.20                 -
  480x854 triton        52.09    26.23    15.45    26.86    36.25    42.25     15.45                 -
 720x1280 compile       95.31    66.48    83.59   136.96   160.81   171.64     66.48       35.8 / 21.6
 720x1280 triton        55.01    33.18    53.71    97.73   116.05   122.44     33.18       35.8 / 21.6

=== triton speedup over compile, fp32 ===
      res       B=1      B=2      B=4      B=8     B=16     B=32
 240x320     1.67x    1.82x    1.82x    1.86x    1.85x    1.90x
 480x640     1.75x    1.84x    1.86x    1.79x    1.35x    1.34x
 480x854     1.74x    1.86x    1.95x    1.53x    1.40x    1.36x
 720x1280    1.73x    2.00x    1.56x    1.40x    1.39x    1.40x

=== ms/pair, fp16 (lower is better) ===
      res backend         B=1      B=2      B=4      B=8     B=16     B=32      best    cv2.cuda 1s/4s
  240x320 compile           -        -        -        -        -     3.74      3.74        21.1 / 9.3
  240x320 triton            -        -        -        -        -     2.17      2.17        21.1 / 9.3
  480x640 compile           -        -    26.73        -        -        -     26.73       26.5 / 13.1
  480x640 triton            -        -    14.72        -        -        -     14.72       26.5 / 13.1
  480x854 compile           -        -    27.06        -        -        -     27.06                 -
  480x854 triton            -        -    15.13        -        -        -     15.13                 -
 720x1280 compile           -    56.55        -        -        -        -     56.55       35.8 / 21.6
 720x1280 triton            -    31.83        -        -        -        -     31.83       35.8 / 21.6

=== triton speedup over compile, fp16 ===
      res       B=1      B=2      B=4      B=8     B=16     B=32
 240x320         -        -        -        -        -    1.72x
 480x640         -        -    1.82x        -        -        -
 480x854         -        -    1.79x        -        -        -
 720x1280        -    1.78x        -        -        -        -

=== Triton block configs (last cell's solver) ===
  B=2 295x524 float16: BH=16 BW=64 warps=8 tiles=171 grid=(9, 19, 2)
  B=2 369x655 float16: BH=16 BW=64 warps=8 tiles=264 grid=(11, 24, 2)
  B=2 461x819 float16: BH=8 BW=64 warps=4 tiles=754 grid=(13, 58, 2)
  B=2 576x1024 float16: BH=8 BW=32 warps=2 tiles=2304 grid=(32, 72, 2)
  B=2 720x1280 float16: BH=8 BW=64 warps=4 tiles=1800 grid=(20, 90, 2)
EXIT=0
