=================== WATERFALL B=16 ===================
device: NVIDIA L40  torch 2.13.0+cu130  B=16 (240, 320)
cv2 CPU reference on 8 pairs in 2.3s (batch tiled to B=16)
variant      warm_s   ms/pair      fps  util%  peakMiB  EPEvcv2  maxdiff  vs orig
orig            3.7     53.24     18.8     93      405   0.0270   20.356    1.00x
nocat           1.7     46.45     21.5     93      402   0.0266   19.673    1.15x  steps=7500
median          3.0     29.17     34.3     56      277   0.0266   19.673    1.83x  steps=7500
med+split       0.8     31.60     31.6     40      276   0.0290   21.117    1.69x  steps=7500
all             0.1      5.53    180.8     55      276   0.0266   19.673    9.63x  steps=1255
all+split       0.1      4.86    205.7     46      276   0.0290   21.117   10.95x  steps=1166
=================== WATERFALL B=8 ===================
device: NVIDIA L40  torch 2.13.0+cu130  B=8 (240, 320)
cv2 CPU reference on 8 pairs in 2.4s (batch tiled to B=8)
variant      warm_s   ms/pair      fps  util%  peakMiB  EPEvcv2  maxdiff  vs orig
orig           69.7     67.10     14.9      -      204   0.0270   20.356    1.00x
nocat          71.6     64.14     15.6      -      273   0.0266   19.673    1.05x  steps=7500
median         37.4     59.33     16.9      -      148   0.0266   19.673    1.13x  steps=7500
med+split       4.6     63.15     15.8      -      174   0.0290   21.117    1.06x  steps=7500
all             0.1     11.05     90.5      -      140   0.0266   19.673    6.07x  steps=1255
all+split       0.1      9.77    102.3      -      140   0.0290   21.117    6.87x  steps=1166
=================== WATERFALL B=32 ===================
device: NVIDIA L40  torch 2.13.0+cu130  B=32 (240, 320)
cv2 CPU reference on 8 pairs in 2.3s (batch tiled to B=32)
variant      warm_s   ms/pair      fps  util%  peakMiB  EPEvcv2  maxdiff  vs orig
orig           71.0     64.12     15.6      -      810   0.0270   20.356    1.00x
nocat          72.8     54.73     18.3      -      801   0.0266   19.673    1.17x  steps=7500
median         46.3     31.12     32.1      -      548   0.0266   19.673    2.06x  steps=7500
med+split       4.9     32.18     31.1      -      549   0.0290   21.117    1.99x  steps=7500
all             0.2      6.13    163.1      -      549   0.0266   19.673   10.46x  steps=1255
all+split       0.2      5.16    193.7      -      548   0.0290   21.117   12.42x  steps=1166
=================== WATERFALL B=64 ===================
device: NVIDIA L40  torch 2.13.0+cu130  B=64 (240, 320)
cv2 CPU reference on 8 pairs in 2.3s (batch tiled to B=64)
variant      warm_s   ms/pair      fps  util%  peakMiB  EPEvcv2  maxdiff  vs orig
orig           73.2     72.52     13.8      -     1619   0.0270   20.356    1.00x
nocat          75.3     62.73     15.9      -     1598   0.0266   19.673    1.16x  steps=7500
median         47.6     36.47     27.4      -     1097   0.0266   19.673    1.99x  steps=7500
med+split       6.5     38.61     25.9      -     1098   0.0290   21.117    1.88x  steps=7500
all             0.4      6.86    145.7      -     1099   0.0266   19.673   10.57x  steps=1255
all+split       0.4      6.26    159.8      -     1100   0.0290   21.117   11.59x  steps=1166
ALLDONE
